[2026-05-09 18:30:53] [EVENTO] === INICIO DEL SISTEMA SOFTWARE FJ ===
[2026-05-09 18:30:53] [EVENTO] Cliente registrado: CC-1001 - Ana Martínez
[2026-05-09 18:30:53] [EVENTO] Cliente registrado: NIT-9002 - TechCorp SAS
[2026-05-09 18:30:53] [ERROR] Intento de registro duplicado: CC-1001
[2026-05-09 18:30:53] [EVENTO] Cliente registrado: CC-2050 - Carlos Ruiz
[2026-05-09 18:30:53] [EVENTO] Servicio agregado: SALA-A1 - Sala Ejecutiva A
[2026-05-09 18:30:53] [EVENTO] Servicio agregado: EQ-L01 - Laptop HP ProBook
[2026-05-09 18:30:53] [EVENTO] Servicio agregado: ASE-001 - Consultoría en Ciberseguridad
[2026-05-09 18:30:53] [EVENTO] Reserva 6D75852C creada | Cliente: CC-1001 | Servicio: SALA-A1 | Horas: 3.0
[2026-05-09 18:30:53] [EVENTO] Reserva 6D75852C: PENDIENTE → CONFIRMADA | confirmación manual
[2026-05-09 18:30:53] [INFO] Reserva 6D75852C confirmada | Total: $298,452.00
[2026-05-09 18:30:53] [INFO] Proceso de confirmación de reserva 6D75852C finalizado
[2026-05-09 18:30:53] [EVENTO] Reserva 916916C7 creada | Cliente: NIT-9002 | Servicio: EQ-L01 | Horas: 10.0
[2026-05-09 18:30:53] [EVENTO] Reserva 916916C7: PENDIENTE → CONFIRMADA | confirmación manual
[2026-05-09 18:30:53] [INFO] Reserva 916916C7 confirmada | Total: $306,425.00
[2026-05-09 18:30:53] [INFO] Proceso de confirmación de reserva 916916C7 finalizado
[2026-05-09 18:30:53] [EVENTO] Reserva 916916C7: CONFIRMADA → PROCESADA | servicio entregado
[2026-05-09 18:30:53] [INFO] Intento de procesamiento de reserva 916916C7 completado
[2026-05-09 18:30:53] [EVENTO] Reserva 88E0F85B creada | Cliente: CC-2050 | Servicio: ASE-001 | Horas: 2.0
[2026-05-09 18:30:53] [EVENTO] Reserva 88E0F85B: PENDIENTE → CONFIRMADA | confirmación manual
[2026-05-09 18:30:53] [INFO] Reserva 88E0F85B confirmada | Total: $714,000.00
[2026-05-09 18:30:53] [INFO] Proceso de confirmación de reserva 88E0F85B finalizado
[2026-05-09 18:30:53] [ERROR] Error al crear reserva: [ERR_RESERVA_DURACION] Duración '15.0h' fuera del rango permitido [0h – 99h].
  TRAZA: Traceback (most recent call last):
  File "c:\Users\USER\Documents\FASE-4---COMPONENTE-PRACTICO---PRACTICAS-SIMULADAS\FASE-4---COMPONENTE-PRACTICO---PRACTICAS-SIMULADAS-\EJERCICIO 1.py", line 989, in __init__
    servicio.validar_parametros(horas, **parametros_servicio)
    ~~~~~~~~~~~~~~~~~~~~~~~~~~~^^^^^^^^^^^^^^^^^^^^^^^^^^^^^^
  File "c:\Users\USER\Documents\FASE-4---COMPONENTE-PRACTICO---PRACTICAS-SIMULADAS\FASE-4---COMPONENTE-PRACTICO---PRACTICAS-SIMULADAS-\EJERCICIO 1.py", line 718, in validar_parametros
    raise ParametroServicioInvalidoError(
    ...<2 lines>...
    )
ParametroServicioInvalidoError: [ERR_SERVICIO_PARAMETRO] Parámetro inválido 'horas': para sala debe estar entre 1.0h y 8.0h.

The above exception was the direct cause of the following exception:

Traceback (most recent call last):
  File "c:\Users\USER\Documents\FASE-4---COMPONENTE-PRACTICO---PRACTICAS-SIMULADAS\FASE-4---COMPONENTE-PRACTICO---PRACTICAS-SIMULADAS-\EJERCICIO 1.py", line 1190, in crear
    reserva = Reserva(cliente, servicio, horas, notas, **params)
  File "c:\Users\USER\Documents\FASE-4---COMPONENTE-PRACTICO---PRACTICAS-SIMULADAS\FASE-4---COMPONENTE-PRACTICO---PRACTICAS-SIMULADAS-\EJERCICIO 1.py", line 992, in __init__
    raise DuracionInvalidaError(horas, 0, 99) from e
DuracionInvalidaError: [ERR_RESERVA_DURACION] Duración '15.0h' fuera del rango permitido [0h – 99h].
[2026-05-09 18:30:53] [INFO] Servicio 'Sala Ejecutiva A' disponibilidad → False
[2026-05-09 18:30:53] [ERROR] Error al crear reserva: [ERR_SERVICIO_NO_DISPONIBLE] El servicio 'Sala Ejecutiva A' no está disponible actualmente.
  TRAZA: Traceback (most recent call last):
  File "c:\Users\USER\Documents\FASE-4---COMPONENTE-PRACTICO---PRACTICAS-SIMULADAS\FASE-4---COMPONENTE-PRACTICO---PRACTICAS-SIMULADAS-\EJERCICIO 1.py", line 1190, in crear
    reserva = Reserva(cliente, servicio, horas, notas, **params)
  File "c:\Users\USER\Documents\FASE-4---COMPONENTE-PRACTICO---PRACTICAS-SIMULADAS\FASE-4---COMPONENTE-PRACTICO---PRACTICAS-SIMULADAS-\EJERCICIO 1.py", line 986, in __init__
    raise ServicioNoDisponibleError(servicio.nombre)
ServicioNoDisponibleError: [ERR_SERVICIO_NO_DISPONIBLE] El servicio 'Sala Ejecutiva A' no está disponible actualmente.
[2026-05-09 18:30:53] [INFO] Servicio 'Sala Ejecutiva A' disponibilidad → True
[2026-05-09 18:30:53] [EVENTO] Reserva 6D75852C: CONFIRMADA → CANCELADA | Cliente solicitó reprogramación
[2026-05-09 18:30:53] [EVENTO] Reserva 6D75852C cancelada: Cliente solicitó reprogramación
[2026-05-09 18:30:53] [ERROR] No se pudo confirmar reserva 6D75852C: [ERR_RESERVA_OPERACION] Operación 'CONFIRMADA' no permitida en estado 'CANCELADA'.
[2026-05-09 18:30:53] [INFO] Proceso de confirmación de reserva 6D75852C finalizado
[2026-05-09 18:30:53] [ERROR] Error al crear reserva: [ERR_RESERVA_DURACION] Duración '2.0h' fuera del rango permitido [0h – 99h].
  TRAZA: Traceback (most recent call last):
  File "c:\Users\USER\Documents\FASE-4---COMPONENTE-PRACTICO---PRACTICAS-SIMULADAS\FASE-4---COMPONENTE-PRACTICO---PRACTICAS-SIMULADAS-\EJERCICIO 1.py", line 989, in __init__
    servicio.validar_parametros(horas, **parametros_servicio)
    ~~~~~~~~~~~~~~~~~~~~~~~~~~~^^^^^^^^^^^^^^^^^^^^^^^^^^^^^^
  File "c:\Users\USER\Documents\FASE-4---COMPONENTE-PRACTICO---PRACTICAS-SIMULADAS\FASE-4---COMPONENTE-PRACTICO---PRACTICAS-SIMULADAS-\EJERCICIO 1.py", line 727, in validar_parametros
    raise ParametroServicioInvalidoError(
    ...<2 lines>...
    )
ParametroServicioInvalidoError: [ERR_SERVICIO_PARAMETRO] Parámetro inválido 'num_asistentes': excede la capacidad máxima de 10 personas.

The above exception was the direct cause of the following exception:

Traceback (most recent call last):
  File "c:\Users\USER\Documents\FASE-4---COMPONENTE-PRACTICO---PRACTICAS-SIMULADAS\FASE-4---COMPONENTE-PRACTICO---PRACTICAS-SIMULADAS-\EJERCICIO 1.py", line 1190, in crear
    reserva = Reserva(cliente, servicio, horas, notas, **params)
  File "c:\Users\USER\Documents\FASE-4---COMPONENTE-PRACTICO---PRACTICAS-SIMULADAS\FASE-4---COMPONENTE-PRACTICO---PRACTICAS-SIMULADAS-\EJERCICIO 1.py", line 992, in __init__
    raise DuracionInvalidaError(horas, 0, 99) from e
DuracionInvalidaError: [ERR_RESERVA_DURACION] Duración '2.0h' fuera del rango permitido [0h – 99h].
[2026-05-09 18:30:53] [EVENTO] Reserva B48FD628 creada | Cliente: CC-2050 | Servicio: ASE-001 | Horas: 1.0
[2026-05-09 18:30:53] [EVENTO] Reserva B48FD628: PENDIENTE → CONFIRMADA | confirmación manual
[2026-05-09 18:30:53] [ERROR] Error inesperado al confirmar reserva B48FD628: [ERR_SERVICIO_PARAMETRO] Parámetro inválido 'descuento': debe estar entre 0.0 y 0.99, recibido 1.5.
[2026-05-09 18:30:53] [INFO] Proceso de confirmación de reserva B48FD628 finalizado
[2026-05-09 18:30:53] [EVENTO] === SISTEMA FINALIZADO SIN INTERRUPCIONES ===
[2026-05-09 18:33:22] [EVENTO] === INICIO DEL SISTEMA SOFTWARE FJ ===
[2026-05-09 18:33:22] [EVENTO] Cliente registrado: CC-1001 - Ana Martínez
[2026-05-09 18:33:22] [EVENTO] Cliente registrado: NIT-9002 - TechCorp SAS
[2026-05-09 18:33:22] [ERROR] Intento de registro duplicado: CC-1001
[2026-05-09 18:33:22] [EVENTO] Cliente registrado: CC-2050 - Carlos Ruiz
[2026-05-09 18:33:22] [EVENTO] Servicio agregado: SALA-A1 - Sala Ejecutiva A
[2026-05-09 18:33:22] [EVENTO] Servicio agregado: EQ-L01 - Laptop HP ProBook
[2026-05-09 18:33:22] [EVENTO] Servicio agregado: ASE-001 - Consultoría en Ciberseguridad
[2026-05-09 18:33:22] [EVENTO] Reserva 98B235B2 creada | Cliente: CC-1001 | Servicio: SALA-A1 | Horas: 3.0
[2026-05-09 18:33:22] [EVENTO] Reserva 98B235B2: PENDIENTE → CONFIRMADA | confirmación manual
[2026-05-09 18:33:22] [INFO] Reserva 98B235B2 confirmada | Total: $298,452.00
[2026-05-09 18:33:22] [INFO] Proceso de confirmación de reserva 98B235B2 finalizado
[2026-05-09 18:33:22] [EVENTO] Reserva 929870D6 creada | Cliente: NIT-9002 | Servicio: EQ-L01 | Horas: 10.0
[2026-05-09 18:33:22] [EVENTO] Reserva 929870D6: PENDIENTE → CONFIRMADA | confirmación manual
[2026-05-09 18:33:22] [INFO] Reserva 929870D6 confirmada | Total: $306,425.00
[2026-05-09 18:33:22] [INFO] Proceso de confirmación de reserva 929870D6 finalizado
[2026-05-09 18:33:22] [EVENTO] Reserva 929870D6: CONFIRMADA → PROCESADA | servicio entregado
[2026-05-09 18:33:22] [INFO] Intento de procesamiento de reserva 929870D6 completado
[2026-05-09 18:33:22] [EVENTO] Reserva 09010D52 creada | Cliente: CC-2050 | Servicio: ASE-001 | Horas: 2.0
[2026-05-09 18:33:22] [EVENTO] Reserva 09010D52: PENDIENTE → CONFIRMADA | confirmación manual
[2026-05-09 18:33:22] [INFO] Reserva 09010D52 confirmada | Total: $714,000.00
[2026-05-09 18:33:22] [INFO] Proceso de confirmación de reserva 09010D52 finalizado
[2026-05-09 18:33:22] [ERROR] Error al crear reserva: [ERR_RESERVA_DURACION] Duración '15.0h' fuera del rango permitido [0h – 99h].
  TRAZA: Traceback (most recent call last):
  File "c:\Users\USER\Documents\FASE-4---COMPONENTE-PRACTICO---PRACTICAS-SIMULADAS\FASE-4---COMPONENTE-PRACTICO---PRACTICAS-SIMULADAS-\EJERCICIO 1.py", line 989, in __init__
    servicio.validar_parametros(horas, **parametros_servicio)
    ~~~~~~~~~~~~~~~~~~~~~~~~~~~^^^^^^^^^^^^^^^^^^^^^^^^^^^^^^
  File "c:\Users\USER\Documents\FASE-4---COMPONENTE-PRACTICO---PRACTICAS-SIMULADAS\FASE-4---COMPONENTE-PRACTICO---PRACTICAS-SIMULADAS-\EJERCICIO 1.py", line 718, in validar_parametros
    raise ParametroServicioInvalidoError(
    ...<2 lines>...
    )
ParametroServicioInvalidoError: [ERR_SERVICIO_PARAMETRO] Parámetro inválido 'horas': para sala debe estar entre 1.0h y 8.0h.

The above exception was the direct cause of the following exception:

Traceback (most recent call last):
  File "c:\Users\USER\Documents\FASE-4---COMPONENTE-PRACTICO---PRACTICAS-SIMULADAS\FASE-4---COMPONENTE-PRACTICO---PRACTICAS-SIMULADAS-\EJERCICIO 1.py", line 1190, in crear
    reserva = Reserva(cliente, servicio, horas, notas, **params)
  File "c:\Users\USER\Documents\FASE-4---COMPONENTE-PRACTICO---PRACTICAS-SIMULADAS\FASE-4---COMPONENTE-PRACTICO---PRACTICAS-SIMULADAS-\EJERCICIO 1.py", line 992, in __init__
    raise DuracionInvalidaError(horas, 0, 99) from e
DuracionInvalidaError: [ERR_RESERVA_DURACION] Duración '15.0h' fuera del rango permitido [0h – 99h].
[2026-05-09 18:33:22] [INFO] Servicio 'Sala Ejecutiva A' disponibilidad → False
[2026-05-09 18:33:22] [ERROR] Error al crear reserva: [ERR_SERVICIO_NO_DISPONIBLE] El servicio 'Sala Ejecutiva A' no está disponible actualmente.
  TRAZA: Traceback (most recent call last):
  File "c:\Users\USER\Documents\FASE-4---COMPONENTE-PRACTICO---PRACTICAS-SIMULADAS\FASE-4---COMPONENTE-PRACTICO---PRACTICAS-SIMULADAS-\EJERCICIO 1.py", line 1190, in crear
    reserva = Reserva(cliente, servicio, horas, notas, **params)
  File "c:\Users\USER\Documents\FASE-4---COMPONENTE-PRACTICO---PRACTICAS-SIMULADAS\FASE-4---COMPONENTE-PRACTICO---PRACTICAS-SIMULADAS-\EJERCICIO 1.py", line 986, in __init__
    raise ServicioNoDisponibleError(servicio.nombre)
ServicioNoDisponibleError: [ERR_SERVICIO_NO_DISPONIBLE] El servicio 'Sala Ejecutiva A' no está disponible actualmente.
[2026-05-09 18:33:22] [INFO] Servicio 'Sala Ejecutiva A' disponibilidad → True
[2026-05-09 18:33:22] [EVENTO] Reserva 98B235B2: CONFIRMADA → CANCELADA | Cliente solicitó reprogramación
[2026-05-09 18:33:22] [EVENTO] Reserva 98B235B2 cancelada: Cliente solicitó reprogramación
[2026-05-09 18:33:22] [ERROR] No se pudo confirmar reserva 98B235B2: [ERR_RESERVA_OPERACION] Operación 'CONFIRMADA' no permitida en estado 'CANCELADA'.
[2026-05-09 18:33:22] [INFO] Proceso de confirmación de reserva 98B235B2 finalizado
[2026-05-09 18:33:22] [ERROR] Error al crear reserva: [ERR_RESERVA_DURACION] Duración '2.0h' fuera del rango permitido [0h – 99h].
  TRAZA: Traceback (most recent call last):
  File "c:\Users\USER\Documents\FASE-4---COMPONENTE-PRACTICO---PRACTICAS-SIMULADAS\FASE-4---COMPONENTE-PRACTICO---PRACTICAS-SIMULADAS-\EJERCICIO 1.py", line 989, in __init__
    servicio.validar_parametros(horas, **parametros_servicio)
    ~~~~~~~~~~~~~~~~~~~~~~~~~~~^^^^^^^^^^^^^^^^^^^^^^^^^^^^^^
  File "c:\Users\USER\Documents\FASE-4---COMPONENTE-PRACTICO---PRACTICAS-SIMULADAS\FASE-4---COMPONENTE-PRACTICO---PRACTICAS-SIMULADAS-\EJERCICIO 1.py", line 727, in validar_parametros
    raise ParametroServicioInvalidoError(
    ...<2 lines>...
    )
ParametroServicioInvalidoError: [ERR_SERVICIO_PARAMETRO] Parámetro inválido 'num_asistentes': excede la capacidad máxima de 10 personas.

The above exception was the direct cause of the following exception:

Traceback (most recent call last):
  File "c:\Users\USER\Documents\FASE-4---COMPONENTE-PRACTICO---PRACTICAS-SIMULADAS\FASE-4---COMPONENTE-PRACTICO---PRACTICAS-SIMULADAS-\EJERCICIO 1.py", line 1190, in crear
    reserva = Reserva(cliente, servicio, horas, notas, **params)
  File "c:\Users\USER\Documents\FASE-4---COMPONENTE-PRACTICO---PRACTICAS-SIMULADAS\FASE-4---COMPONENTE-PRACTICO---PRACTICAS-SIMULADAS-\EJERCICIO 1.py", line 992, in __init__
    raise DuracionInvalidaError(horas, 0, 99) from e
DuracionInvalidaError: [ERR_RESERVA_DURACION] Duración '2.0h' fuera del rango permitido [0h – 99h].
[2026-05-09 18:33:22] [EVENTO] Reserva 6ACFF5B4 creada | Cliente: CC-2050 | Servicio: ASE-001 | Horas: 1.0
[2026-05-09 18:33:22] [EVENTO] Reserva 6ACFF5B4: PENDIENTE → CONFIRMADA | confirmación manual
[2026-05-09 18:33:22] [ERROR] Error inesperado al confirmar reserva 6ACFF5B4: [ERR_SERVICIO_PARAMETRO] Parámetro inválido 'descuento': debe estar entre 0.0 y 0.99, recibido 1.5.
[2026-05-09 18:33:22] [INFO] Proceso de confirmación de reserva 6ACFF5B4 finalizado
[2026-05-09 18:33:22] [EVENTO] === SISTEMA FINALIZADO SIN INTERRUPCIONES ===
